main.c:177:6:serialOut	24	static
main.c:181:6:printStr	16	static
main.c:186:6:printChar	32	static
main.c:194:6:printInt	24	static
main.c:201:6:printIntLn	24	static
main.c:212:6:printStrLn	32	dynamic
main.c:220:6:printWaveform	24	static
main.c:234:5:readSerial	64	dynamic
main.c:291:7:readADC	16	static
main.c:299:5:measureFrequency	56	static
main.c:327:6:compressWaveform	40	static
main.c:356:6:getDataAndWait	24	static
main.c:367:6:getTriggeredWaveform	32	static
main.c:398:6:getWaveform	80	static
main.c:502:6:HAL_ADC_ConvCpltCallback	16	static
main.c:507:6:ADC_IRQHandler	8	static
main.c:512:6:afgAmplitudeAdjustment	32	static
main.c:530:6:changeAFGWaveform	32	static
main.c:566:6:startAFG	16	static
main.c:572:6:stopAFG	8	static
main.c:577:6:HAL_TIM_PeriodElapsedCallback	16	static
main.c:632:5:main	184	dynamic
main.c:899:6:SystemClock_Config	160	static
main.c:949:13:MX_ADC1_Init	48	static
main.c:1012:13:MX_ADC2_Init	32	static
main.c:1067:13:MX_DAC1_Init	24	static
main.c:1105:13:MX_TIM2_Init	40	static
main.c:1150:13:MX_TIM3_Init	64	static
main.c:1209:13:MX_USART2_UART_Init	8	static
main.c:1242:13:MX_DMA_Init	16	static
main.c:1267:13:MX_GPIO_Init	48	static
main.c:1303:6:Error_Handler	4	static,ignoring_inline_asm
