main.c:181:6:serialOut	24	static
main.c:185:6:printStr	16	static
main.c:190:6:printChar	32	static
main.c:198:6:printInt	24	static
main.c:205:6:printIntLn	24	static
main.c:216:6:printStrLn	32	dynamic
main.c:224:6:printWaveform	24	static
main.c:238:5:readSerial	64	dynamic
main.c:295:7:readADC	16	static
main.c:303:5:measureFrequency	56	static
main.c:331:6:compressWaveform	32	static
main.c:385:6:getDataAndWait	24	static
main.c:396:5:getTriggeredWaveform	32	static
main.c:445:6:getWaveform	80	static
main.c:564:6:HAL_ADC_ConvCpltCallback	16	static
main.c:569:6:ADC_IRQHandler	8	static
main.c:574:6:afgAmplitudeAdjustment	32	static
main.c:592:6:changeAFGWaveform	32	static
main.c:628:6:startAFG	16	static
main.c:634:6:stopAFG	8	static
main.c:661:6:HAL_TIM_PeriodElapsedCallback	16	static
main.c:670:6:USART2_IRQHandler	8	static
main.c:717:5:main	184	dynamic
main.c:999:6:SystemClock_Config	160	static
main.c:1049:13:MX_ADC1_Init	48	static
main.c:1112:13:MX_ADC2_Init	32	static
main.c:1167:13:MX_DAC1_Init	24	static
main.c:1205:13:MX_TIM2_Init	40	static
main.c:1250:13:MX_TIM3_Init	64	static
main.c:1309:13:MX_TIM4_Init	40	static
main.c:1354:13:MX_USART2_UART_Init	8	static
main.c:1387:13:MX_DMA_Init	16	static
main.c:1412:13:MX_GPIO_Init	48	static
main.c:1448:6:Error_Handler	4	static,ignoring_inline_asm
