stm32f3xx_it.c:78:6:NMI_Handler	4	static
stm32f3xx_it.c:93:6:HardFault_Handler	8	static
stm32f3xx_it.c:108:6:MemManage_Handler	4	static
stm32f3xx_it.c:123:6:BusFault_Handler	8	static
stm32f3xx_it.c:138:6:UsageFault_Handler	8	static
stm32f3xx_it.c:153:6:SVC_Handler	4	static
stm32f3xx_it.c:166:6:DebugMon_Handler	4	static
stm32f3xx_it.c:179:6:PendSV_Handler	4	static
stm32f3xx_it.c:192:6:SysTick_Handler	8	static
stm32f3xx_it.c:213:6:DMA1_Channel1_IRQHandler	8	static
stm32f3xx_it.c:227:6:DMA1_Channel3_IRQHandler	8	static
stm32f3xx_it.c:241:6:ADC1_2_IRQHandler	8	static
stm32f3xx_it.c:256:6:TIM2_IRQHandler	8	static
stm32f3xx_it.c:270:6:TIM4_IRQHandler	8	static
stm32f3xx_it.c:293:6:TIM6_DAC_IRQHandler	8	static
stm32f3xx_it.c:307:6:DMA2_Channel1_IRQHandler	8	static
